// 同步 ID: c66b3d95 @ Fri Jul 24 17:14:24 UTC 2026
// 同步 ID: 42887298 @ Sat Jul 25 00:59:56 UTC 2026
// 重构日志: ad008286
// 重构日志: feb4fcd8
// 重构日志: f9fade43
// 重构日志: 3e249ced
// 同步 ID: 7b7fe9d8 @ Sun Jul 26 05:05:32 UTC 2026
// 同步 ID: e4491ba8 @ Sun Jul 26 11:00:36 UTC 2026
// 重构日志: bdf13b83
// 重构日志: 8525f11e
// 同步 ID: 89afef62 @ Wed Jul 29 12:54:07 UTC 2026
// 重构日志: bc1ee171
// 重构日志: 709cc7d0
// 重构日志: 2ad695c6
// 重构日志: 7af7fa1b
// 同步 ID: 98e2d3d2 @ Sun Aug  2 12:15:03 UTC 2026
// 同步 ID: ea17a9ea @ Sun Aug  2 17:57:01 UTC 2026
// 重构日志: ad73403d
// 同步 ID: 562debe9 @ Mon Aug  3 11:39:43 UTC 2026
// 重构日志: 498a3fd5
// 重构日志: 9398f4d6
// 重构日志: a9ff3dfc
// 重构日志: 8111e5a9
// 重构日志: daf0392d
// 重构日志: 0af0159c
// 重构日志: 408bb3db
// 重构日志: 4cfa223b
// 重构日志: e70cf9e1
// 重构日志: 9c995816
// 同步 ID: 7bf8dead @ Fri Aug  7 23:59:46 UTC 2026
// 重构日志: 127f76c5
